'add_magic_quotes'
'addslashes_gpc'
'antispambot'
'attribute_escape'
'backslashit'
'clean_pre'
'clean_url'
'convert_chars'
'convert_smilies'
'ent2ncr'
'esc_attr'
'esc_html'
'esc_js'
'esc_textarea'
'esc_url'
'force_balance_tags'
'funky_javascript_fix'
'htmlentities2'
'is_email'
'js_escape'
'make_clickable'
'popuplinks'
'remove_accents'
'sanitize_email'
'sanitize_file_name'
'sanitize_user'
'sanitize_title'
'sanitize_title_with_dashes'
'seems_utf8'
'stripslashes_deep'
'trailingslashit'
'untrailingslashit'
'url_shorten'
'utf8_uri_encode'
'wp_filter_kses'
'wp_filter_post_kses'
'wp_filter_nohtml_kses'
'wp_iso_descrambler'
'wp_kses'
'wp_kses_array_lc'
'wp_kses_attr'
'wp_kses_bad_protocol'
'wp_kses_bad_protocol_once'
'wp_kses_bad_protocol_once2'
'wp_kses_check_attr_val'
'wp_kses_decode_entities'
'wp_kses_hair'
'wp_kses_hook'
'wp_kses_html_error'
'wp_kses_js_entities'
'wp_kses_no_null'
'wp_kses_normalize_entities'
'wp_kses_normalize_entities2'
'wp_kses_split'
'wp_kses_split2'
'wp_kses_stripslashes'
'wp_kses_version'
'wp_rel_nofollow'
'wp_richedit_pre'
'wp_specialchars'
'wp_trim_words'
'zeroise'
