'add_blog_option'
'delete_blog_option'
'restore_current_blog'
'switch_to_blog'
'update_archived'
'update_blog_details'
'update_blog_option'
'update_blog_status'
'wpmu_update_blogs_date'
'ms_cookie_constants'
'ms_file_constants'
'ms_subdomain_constants'
'ms_upload_constants'
'add_existing_user_to_blog'
'add_new_user_to_blog'
'add_user_to_blog'
'create_empty_blog'
'filter_SSL'
'fix_import_form_size'
'fix_phpmailer_messageid'
'force_ssl_content'
'insert_blog'
'install_blog'
'install_blog_defaults'
'is_blog_user'
'is_email_address_unsafe'
'is_user_member_of_blog'
'is_user_option_local'
'is_user_spammy'
'maybe_add_existing_user_to_blog'
'maybe_redirect_404'
'newblog_notify_siteadmin'
'newuser_notify_siteadmin'
'remove_user_from_blog'
'signup_nonce_check'
'signup_nonce_fields'
'update_blog_public'
'update_posts_count'
'upload_is_file_too_big'
'upload_is_user_over_quota'
'users_can_register_signup_filter'
'welcome_user_msg_filter'
'wordpressmu_wp_mail_from'
'wpmu_activate_signup'
'wpmu_admin_redirect_add_updated_param'
'wpmu_create_blog'
'wpmu_create_user'
'wpmu_log_new_registrations'
'wpmu_signup_blog'
'wpmu_signup_blog_notification'
'wpmu_signup_user'
'wpmu_signup_user_notification'
'wpmu_validate_blog_signup'
'wpmu_validate_user_signup'
'wpmu_welcome_notification'
'wpmu_welcome_user_notification'
