strcpy
lstrcpy
wcscpy
_tcscpy
_mbscpy
memcpy
CopyMemory
bcopy
strcat
lstrcat
wcscat
_tcscat
_mbscat
strncpy
lstrcpyn
wcsncpy
_tcsncpy
_mbsnbcpy
strncat
lstrcatn
wcsncat
_tcsncat
_mbsnbcat
strccpy
strcadd
gets
_getts
sprintf
vsprintf
swprintf
vswprintf
vswprintf
_stprintf
_vstprintf
printf
vprintf
vwprintf
vfwprintf
_vtprintf
fprintf
vfprintf
_ftprintf
_vftprintf
syslog
snprintf
vsnprintf
_snprintf
_sntprintf
_vsntprintf
scanf
vscanf
wscanf
_tscanf
fscanf
sscanf
vsscanf
vfscanf
_ftscanf
strlen
wcslen
_tcslen
_mbslen
streadd
strecpy
strtrns
realpath
realpath
getopt
getopt_long
getpass
getwd
getchar
fgetc
getc
read
_gettc
chown
chgrp
chmod
vfork
readlink
tmpfile
tmpnam
tempnam
mktemp
mkstemp
fopen
open
umask
umask
GetTempFileName
execl
execlp
execle
execv
execvp
system
popen
WinExec
ShellExecute
execl
execlp
execle
execv
execvp
execvp
system
popen
WinExec
ShellExecute
CreateProcessAsUser
CreateProcessWithLogon
CreateProcess
atoi
atol
atol
drand48
erand48
jrand48
lcong48
lrand48
mrand48
nrand48
random
seed48
setstate
srand
srandom
crypt
EVP_des_ecb
EVP_des_cbc
EVP_des_cfb
EVP_des_ofb
EVP_desx_cbc
EVP_rc4_40
EVP_rc2_40_cbc
EVP_rc2_64_cbc
chroot
getenv
curl_getenv
g_get_home_dir
g_get_tmp_dir
SetThreadToken
InitializeCriticalSection
EnterCriticalSection
LoadLibrary
LoadLibraryEx
SetSecurityDescriptorDacl
AddAccessAllowedAce
getlogin
cuserid
getpw
getpass
gsignal
ssignal
memalign
ulimit
usleep
recv
recvfrom
recvmsg
fread
readv
